2026-01-19 20:45:37 ERROR: User not found
2026-01-19 20:45:37 WARN: GET /api/users/me 404 - 150ms - ::1
2026-01-19 20:45:37 INFO: GET /api/cart 200 - 80ms - ::1
2026-01-19 20:45:37 ERROR: Unauthorized
2026-01-19 20:45:37 WARN: GET /api/products/getAllProducts 401 - 6ms - ::1
2026-01-19 20:46:00 ERROR: Invalid credentials
2026-01-19 20:46:00 WARN: POST /api/auth/login 401 - 42ms - ::1
2026-01-19 20:46:11 ERROR: Invalid credentials
2026-01-19 20:46:11 WARN: POST /api/auth/login 401 - 36ms - ::1
2026-01-19 20:46:39 ERROR: Invalid credentials
2026-01-19 20:46:39 WARN: POST /api/auth/login 401 - 41ms - ::1
2026-01-19 20:48:17 INFO: POST /api/auth/login 200 - 222ms - ::1
2026-01-19 20:48:17 INFO: GET /api/cart 200 - 103ms - ::1
2026-01-19 20:48:17 INFO: GET /api/cart 200 - 73ms - ::1
2026-01-19 20:48:24 INFO: GET /api/products/getAllProducts 200 - 47ms - ::1
2026-01-19 20:48:30 INFO: POST /api/cart/add 201 - 200ms - ::1
2026-01-19 20:48:33 INFO: POST /api/cart/add 201 - 226ms - ::1
2026-01-19 20:48:39 INFO: GET /api/products/getProducts/696e3f47e73b23cdc2347fc0 200 - 39ms - ::1
2026-01-19 20:48:54 INFO: POST /api/cart/add 201 - 219ms - ::1
2026-01-19 20:49:49 INFO: POST /api/orders/cart/checkout 201 - 170ms - ::1
2026-01-19 20:49:50 INFO: POST /api/payments/initiate 200 - 1114ms - ::1
2026-01-19 20:50:24 INFO: POST /api/payments/verify 200 - 6229ms - ::1
2026-01-19 20:50:24 INFO: GET /api/cart 200 - 73ms - ::1
2026-01-19 20:50:26 INFO: GET /api/products/getAllProducts 200 - 38ms - ::1
2026-01-19 20:50:44 INFO: GET /api/users/me 200 - 42ms - ::1
2026-01-19 20:50:44 INFO: GET /api/cart 200 - 50ms - ::1
2026-01-19 20:51:09 INFO: POST /api/auth/login 200 - 236ms - ::1
2026-01-19 20:51:09 INFO: GET /api/cart 200 - 40ms - ::1
2026-01-19 20:51:09 INFO: GET /api/auth/dashboard-stats 200 - 43ms - ::1
2026-01-19 20:51:27 INFO: GET /api/orders/admin/all 200 - 73ms - ::1
2026-01-19 20:51:56 HTTP: GET /api/auth/dashboard-stats 304 - 38ms - ::1
2026-01-19 20:52:12 INFO: GET /api/orders/admin/all 200 - 76ms - ::1
2026-01-19 20:52:18 INFO: GET /api/orders/admin/696e4094e73b23cdc2347ffd 200 - 72ms - ::1
2026-01-19 20:52:18 WARN: GET /api/address/696e3cf2e73b23cdc2347f95 404 - 3ms - ::1
2026-01-19 20:52:21 INFO: GET /api/orders/admin/all 200 - 72ms - ::1
2026-01-19 20:52:24 INFO: GET /api/orders/admin/696e4b9434a3bb90c8c50dbf 200 - 73ms - ::1
2026-01-19 20:52:24 WARN: GET /api/address/696e3cf2e73b23cdc2347f95 404 - 0ms - ::1
2026-01-19 20:52:33 INFO: PUT /api/orders/admin/696e4b9434a3bb90c8c50dbf/status 200 - 2931ms - ::1
2026-01-19 20:52:33 INFO: GET /api/orders/admin/696e4b9434a3bb90c8c50dbf 200 - 72ms - ::1
2026-01-19 20:52:33 WARN: GET /api/address/696e3cf2e73b23cdc2347f95 404 - 1ms - ::1
2026-01-19 20:52:49 INFO: PUT /api/orders/admin/696e4b9434a3bb90c8c50dbf/status 200 - 2967ms - ::1
2026-01-19 20:52:49 INFO: GET /api/orders/admin/696e4b9434a3bb90c8c50dbf 200 - 72ms - ::1
2026-01-19 20:52:49 WARN: GET /api/address/696e3cf2e73b23cdc2347f95 404 - 1ms - ::1
2026-01-19 20:53:20 INFO: GET /api/orders/my-orders 200 - 71ms - ::1
2026-01-19 20:53:41 INFO: GET /api/products/getAllProducts 200 - 41ms - ::1
2026-01-19 20:53:47 INFO: GET /api/products/getProducts/696e3f47e73b23cdc2347fc0 200 - 36ms - ::1
2026-01-19 20:54:07 INFO: POST /api/orders/cart/checkout 201 - 115ms - ::1
2026-01-19 20:54:07 INFO: POST /api/payments/initiate 200 - 249ms - ::1
2026-01-19 20:54:37 INFO: POST /api/payments/verify 200 - 6946ms - ::1
2026-01-19 20:54:37 INFO: GET /api/cart 200 - 74ms - ::1
2026-01-19 20:54:38 INFO: GET /api/products/getAllProducts 200 - 40ms - ::1
2026-01-19 20:55:02 INFO: GET /api/users/list 200 - 37ms - ::1
2026-01-19 20:55:03 INFO: GET /api/orders/admin/all 200 - 77ms - ::1
2026-01-19 20:55:15 INFO: GET /api/orders/admin/696e4c9734a3bb90c8c50dfd 200 - 76ms - ::1
2026-01-19 20:55:15 WARN: GET /api/address/696e3cf2e73b23cdc2347f95 404 - 1ms - ::1
2026-01-19 20:55:35 INFO: PUT /api/orders/admin/696e4c9734a3bb90c8c50dfd/status 200 - 3002ms - ::1
2026-01-19 20:55:35 INFO: GET /api/orders/admin/696e4c9734a3bb90c8c50dfd 200 - 72ms - ::1
2026-01-19 20:55:35 WARN: GET /api/address/696e3cf2e73b23cdc2347f95 404 - 1ms - ::1
2026-01-19 20:55:50 INFO: GET /api/orders/my-orders 200 - 69ms - ::1
2026-01-19 20:56:03 INFO: PUT /api/orders/admin/696e4c9734a3bb90c8c50dfd/status 200 - 3611ms - ::1
2026-01-19 20:56:03 INFO: GET /api/orders/admin/696e4c9734a3bb90c8c50dfd 200 - 84ms - ::1
2026-01-19 20:56:03 WARN: GET /api/address/696e3cf2e73b23cdc2347f95 404 - 0ms - ::1
2026-01-19 20:56:12 INFO: GET /api/users/me 200 - 41ms - ::1
2026-01-19 20:56:12 INFO: GET /api/cart 200 - 77ms - ::1
2026-01-19 20:56:14 INFO: GET /api/orders/my-orders 200 - 82ms - ::1
2026-01-19 20:56:32 INFO: PUT /api/orders/admin/696e4c9734a3bb90c8c50dfd/status 200 - 2837ms - ::1
2026-01-19 20:56:32 INFO: GET /api/orders/admin/696e4c9734a3bb90c8c50dfd 200 - 72ms - ::1
2026-01-19 20:56:32 WARN: GET /api/address/696e3cf2e73b23cdc2347f95 404 - 1ms - ::1
2026-01-20 10:31:25 ERROR: Operation `users.findOne()` buffering timed out after 10000ms
2026-01-20 10:31:25 ERROR: GET /api/users/me 500 - 10115ms - ::1
2026-01-20 10:31:25 ERROR: Operation `carts.findOne()` buffering timed out after 10000ms
2026-01-20 10:31:25 ERROR: GET /api/cart 500 - 10071ms - ::1
2026-01-20 10:31:38 ERROR: Unauthorized
2026-01-20 10:31:38 WARN: GET /api/products/getAllProducts 401 - 4ms - ::1
2026-01-20 10:31:44 ERROR: Unauthorized
2026-01-20 10:31:44 WARN: GET /api/products/getAllProducts 401 - 7ms - ::1
2026-01-20 10:33:32 ERROR: Operation `users.findOne()` buffering timed out after 10000ms
2026-01-20 10:33:32 ERROR: POST /api/auth/login 500 - 10013ms - ::1
2026-01-20 10:33:49 ERROR: Operation `users.findOne()` buffering timed out after 10000ms
2026-01-20 10:33:49 ERROR: POST /api/auth/login 500 - 10008ms - ::1
2026-01-20 10:34:53 ERROR: Operation `users.findOne()` buffering timed out after 10000ms
2026-01-20 10:34:53 ERROR: POST /api/auth/login 500 - 10008ms - ::1
2026-01-20 10:35:39 ERROR: Operation `users.findOne()` buffering timed out after 10000ms
2026-01-20 10:35:39 ERROR: POST /api/auth/login 500 - 10019ms - ::1
2026-01-20 10:36:45 ERROR: Operation `users.findOne()` buffering timed out after 10000ms
2026-01-20 10:36:45 ERROR: POST /api/auth/login 500 - 10019ms - ::1
2026-01-20 10:44:13 ERROR: Operation `users.findOne()` buffering timed out after 10000ms
2026-01-20 10:44:13 ERROR: POST /api/auth/login 500 - 10016ms - ::1
2026-01-20 21:18:47 INFO: POST /api/auth/login 200 - 366ms - ::1
2026-01-20 21:18:47 INFO: GET /api/cart 200 - 66ms - ::1
2026-01-20 21:18:47 INFO: GET /api/cart 200 - 43ms - ::1
2026-01-20 21:18:48 INFO: GET /api/auth/dashboard-stats 200 - 56ms - ::1
2026-01-20 21:23:00 ERROR: Operation `products.find()` buffering timed out after 10000ms
2026-01-20 21:23:05 ERROR: Operation `carts.findOne()` buffering timed out after 10000ms
2026-01-20 21:23:05 ERROR: GET /api/cart 500 - 10021ms - ::1
2026-01-20 21:23:05 ERROR: Operation `users.findOne()` buffering timed out after 10000ms
2026-01-20 21:23:05 ERROR: GET /api/users/me 500 - 10050ms - ::1
2026-01-20 21:23:05 ERROR: Operation `products.find()` buffering timed out after 10000ms
2026-01-20 21:23:05 ERROR: GET /api/products/getAllProducts 500 - 10018ms - ::1
2026-01-21 08:16:43 INFO: POST /api/auth/login 200 - 813ms - ::1
2026-01-21 08:16:43 INFO: GET /api/cart 200 - 131ms - ::1
2026-01-21 08:16:43 INFO: GET /api/cart 200 - 36ms - ::1
2026-01-21 08:16:44 INFO: GET /api/auth/dashboard-stats 200 - 325ms - ::1
2026-01-21 08:19:55 ERROR: Operation `newsletters.findOne()` buffering timed out after 10000ms
2026-01-21 08:19:55 ERROR: POST /api/newsletter/subscribe 500 - 10055ms - ::1
2026-01-21 08:21:15 ERROR: Operation `users.findOne()` buffering timed out after 10000ms
2026-01-21 08:21:15 ERROR: POST /api/auth/login 500 - 10070ms - ::1
2026-01-21 08:21:36 ERROR: Operation `users.findOne()` buffering timed out after 10000ms
2026-01-21 08:21:36 ERROR: POST /api/auth/login 500 - 10007ms - ::1
2026-01-21 08:21:54 ERROR: Operation `users.findOne()` buffering timed out after 10000ms
2026-01-21 08:21:54 ERROR: POST /api/auth/login 500 - 10047ms - ::1
2026-01-21 08:22:11 ERROR: Operation `users.findOne()` buffering timed out after 10000ms
2026-01-21 08:22:11 ERROR: POST /api/auth/login 500 - 10021ms - ::1
2026-01-21 08:22:28 ERROR: Operation `users.findOne()` buffering timed out after 10000ms
2026-01-21 08:22:28 ERROR: POST /api/auth/login 500 - 10016ms - ::1
2026-01-21 08:23:51 INFO: POST /api/auth/login 200 - 227ms - ::1
2026-01-21 08:23:52 INFO: GET /api/cart 200 - 40ms - ::1
2026-01-21 08:23:52 INFO: GET /api/cart 200 - 41ms - ::1
2026-01-21 08:23:52 HTTP: GET /api/auth/dashboard-stats 304 - 51ms - ::1
2026-01-21 08:24:27 INFO: GET /api/users/me 200 - 48ms - ::1
2026-01-21 08:24:27 INFO: GET /api/cart 200 - 45ms - ::1
2026-01-21 08:24:45 INFO: POST /api/auth/login 200 - 191ms - ::1
2026-01-21 08:24:45 INFO: GET /api/cart 200 - 117ms - ::1
2026-01-21 08:24:45 INFO: GET /api/cart 200 - 80ms - ::1
2026-01-21 08:24:51 INFO: GET /api/products/getAllProducts 200 - 49ms - ::1
2026-01-21 08:25:01 INFO: GET /api/products/getProducts/696e3f47e73b23cdc2347fc0 200 - 39ms - ::1
2026-01-21 08:25:22 INFO: GET /api/products/getAllProducts 200 - 41ms - ::1
2026-01-21 08:25:25 INFO: POST /api/cart/add 201 - 208ms - ::1
2026-01-21 08:25:27 INFO: POST /api/cart/add 201 - 216ms - ::1
2026-01-21 08:25:48 INFO: POST /api/orders/cart/checkout 201 - 154ms - ::1
2026-01-21 08:25:49 INFO: POST /api/payments/initiate 200 - 1402ms - ::1
2026-01-21 08:26:19 INFO: POST /api/payments/verify 200 - 6395ms - ::1
2026-01-21 08:26:19 INFO: GET /api/cart 200 - 76ms - ::1
2026-01-21 08:26:20 INFO: GET /api/products/getAllProducts 200 - 48ms - ::1
2026-01-21 08:26:28 INFO: GET /api/products/getAllProducts 200 - 36ms - ::1
2026-01-21 08:26:30 ERROR: Forbidden: Access denied
2026-01-21 08:26:30 WARN: GET /api/orders/admin/all 403 - 4ms - ::1
2026-01-21 08:26:35 ERROR: Forbidden: Access denied
2026-01-21 08:26:35 WARN: GET /api/stock 403 - 2ms - ::1
2026-01-21 08:26:40 INFO: GET /api/users/me 200 - 47ms - ::1
2026-01-21 08:26:40 INFO: GET /api/cart 200 - 77ms - ::1
2026-01-21 08:26:58 INFO: POST /api/auth/login 200 - 178ms - ::1
2026-01-21 08:26:58 INFO: GET /api/cart 200 - 44ms - ::1
2026-01-21 08:26:58 INFO: GET /api/auth/dashboard-stats 200 - 38ms - ::1
2026-01-21 08:27:03 INFO: GET /api/orders/admin/all 200 - 94ms - ::1
2026-01-21 08:27:24 HTTP: GET /api/auth/dashboard-stats 304 - 41ms - ::1
2026-01-21 12:01:37 ERROR: Operation `carts.findOne()` buffering timed out after 10000ms
2026-01-21 12:01:37 ERROR: GET /api/cart 500 - 10150ms - ::1
2026-01-21 12:01:37 ERROR: Operation `users.findOne()` buffering timed out after 10000ms
2026-01-21 12:01:37 ERROR: GET /api/users/me 500 - 10382ms - ::1
2026-01-21 12:02:45 ERROR: Operation `contacts.insertOne()` buffering timed out after 10000ms
2026-01-21 12:02:45 ERROR: POST /api/contact 500 - 10120ms - ::1
2026-01-21 12:27:18 ERROR: Operation `users.findOne()` buffering timed out after 10000ms
2026-01-21 12:27:18 ERROR: POST /api/auth/login 500 - 10119ms - ::1
2026-01-22 07:03:09 INFO: POST /api/auth/login 200 - 380ms - ::1
2026-01-22 07:03:09 INFO: GET /api/cart 200 - 67ms - ::1
2026-01-22 07:03:09 INFO: GET /api/cart 200 - 44ms - ::1
2026-01-22 07:03:09 INFO: GET /api/auth/dashboard-stats 200 - 57ms - ::1
2026-01-22 07:04:20 ERROR: Unauthorized
2026-01-22 07:04:20 WARN: GET /api/products/getAllProducts 401 - 8ms - ::1
2026-01-22 07:04:24 ERROR: Unauthorized
2026-01-22 07:04:24 WARN: GET /api/products/getAllProducts 401 - 4ms - ::1
